// Vitest Snapshot v1, https://vitest.dev/guide/snapshot.html

exports[`Navigation > matches the snapshot for vertical layout 1`] = `
<nav
  aria-label="Dashboard navigation"
  class="flex flex-col gap-2 rounded-lg border border-border/60 bg-surfaceAlt/70 p-2 shadow-soft"
>
  <button
    aria-pressed="false"
    class="group inline-flex items-center gap-2 rounded-md px-3 py-2 text-sm font-medium transition focus-visible:outline focus-visible:outline-2 focus-visible:outline-offset-2 focus-visible:outline-accent text-text-muted hover:bg-surfaceAlt/90 hover:text-text-primary cursor-pointer"
    type="button"
  >
    <span>
      Overview
    </span>
  </button>
  <button
    aria-pressed="false"
    class="group inline-flex items-center gap-2 rounded-md px-3 py-2 text-sm font-medium transition focus-visible:outline focus-visible:outline-2 focus-visible:outline-offset-2 focus-visible:outline-accent text-text-muted hover:bg-surfaceAlt/90 hover:text-text-primary cursor-pointer"
    type="button"
  >
    <span>
      World
    </span>
    <span
      class="ml-2 inline-flex min-w-[1.5rem] items-center justify-center rounded-full border border-border/60 bg-surfaceElevated px-2 py-0.5 text-xs font-semibold text-text-secondary"
    >
      3
    </span>
  </button>
  <button
    aria-disabled="true"
    aria-pressed="false"
    class="group inline-flex items-center gap-2 rounded-md px-3 py-2 text-sm font-medium transition focus-visible:outline focus-visible:outline-2 focus-visible:outline-offset-2 focus-visible:outline-accent text-text-muted hover:bg-surfaceAlt/90 hover:text-text-primary pointer-events-none opacity-50"
    title="Permission required"
    type="button"
  >
    <span>
      Personnel
    </span>
  </button>
</nav>
`;
